Archive member included to satisfy reference by file (symbol)

c:/st/stm32cubeide_1.8.0/stm32cubeide/plugins/com.st.stm32cube.ide.mcu.externaltools.gnu-tools-for-stm32.10.3-2021.10.win32_1.0.0.202111181127/tools/bin/../lib/gcc/arm-none-eabi/10.3.1/../../../../arm-none-eabi/lib/thumb/v7e-m/nofp\libc_nano.a(lib_a-errno.o)
                              ./Src/syscalls.o (__errno)
c:/st/stm32cubeide_1.8.0/stm32cubeide/plugins/com.st.stm32cube.ide.mcu.externaltools.gnu-tools-for-stm32.10.3-2021.10.win32_1.0.0.202111181127/tools/bin/../lib/gcc/arm-none-eabi/10.3.1/../../../../arm-none-eabi/lib/thumb/v7e-m/nofp\libc_nano.a(lib_a-exit.o)
                              c:/st/stm32cubeide_1.8.0/stm32cubeide/plugins/com.st.stm32cube.ide.mcu.externaltools.gnu-tools-for-stm32.10.3-2021.10.win32_1.0.0.202111181127/tools/bin/../lib/gcc/arm-none-eabi/10.3.1/../../../../arm-none-eabi/lib/thumb/v7e-m/nofp/crt0.o (exit)
c:/st/stm32cubeide_1.8.0/stm32cubeide/plugins/com.st.stm32cube.ide.mcu.externaltools.gnu-tools-for-stm32.10.3-2021.10.win32_1.0.0.202111181127/tools/bin/../lib/gcc/arm-none-eabi/10.3.1/../../../../arm-none-eabi/lib/thumb/v7e-m/nofp\libc_nano.a(lib_a-impure.o)
                              c:/st/stm32cubeide_1.8.0/stm32cubeide/plugins/com.st.stm32cube.ide.mcu.externaltools.gnu-tools-for-stm32.10.3-2021.10.win32_1.0.0.202111181127/tools/bin/../lib/gcc/arm-none-eabi/10.3.1/../../../../arm-none-eabi/lib/thumb/v7e-m/nofp\libc_nano.a(lib_a-exit.o) (_global_impure_ptr)
c:/st/stm32cubeide_1.8.0/stm32cubeide/plugins/com.st.stm32cube.ide.mcu.externaltools.gnu-tools-for-stm32.10.3-2021.10.win32_1.0.0.202111181127/tools/bin/../lib/gcc/arm-none-eabi/10.3.1/../../../../arm-none-eabi/lib/thumb/v7e-m/nofp\libc_nano.a(lib_a-init.o)
                              c:/st/stm32cubeide_1.8.0/stm32cubeide/plugins/com.st.stm32cube.ide.mcu.externaltools.gnu-tools-for-stm32.10.3-2021.10.win32_1.0.0.202111181127/tools/bin/../lib/gcc/arm-none-eabi/10.3.1/../../../../arm-none-eabi/lib/thumb/v7e-m/nofp/crt0.o (__libc_init_array)
c:/st/stm32cubeide_1.8.0/stm32cubeide/plugins/com.st.stm32cube.ide.mcu.externaltools.gnu-tools-for-stm32.10.3-2021.10.win32_1.0.0.202111181127/tools/bin/../lib/gcc/arm-none-eabi/10.3.1/../../../../arm-none-eabi/lib/thumb/v7e-m/nofp\libc_nano.a(lib_a-memset.o)
                              c:/st/stm32cubeide_1.8.0/stm32cubeide/plugins/com.st.stm32cube.ide.mcu.externaltools.gnu-tools-for-stm32.10.3-2021.10.win32_1.0.0.202111181127/tools/bin/../lib/gcc/arm-none-eabi/10.3.1/../../../../arm-none-eabi/lib/thumb/v7e-m/nofp/crt0.o (memset)

Discarded input sections

 .text          0x0000000000000000        0x0 c:/st/stm32cubeide_1.8.0/stm32cubeide/plugins/com.st.stm32cube.ide.mcu.externaltools.gnu-tools-for-stm32.10.3-2021.10.win32_1.0.0.202111181127/tools/bin/../lib/gcc/arm-none-eabi/10.3.1/thumb/v7e-m/nofp/crti.o
 .data          0x0000000000000000        0x0 c:/st/stm32cubeide_1.8.0/stm32cubeide/plugins/com.st.stm32cube.ide.mcu.externaltools.gnu-tools-for-stm32.10.3-2021.10.win32_1.0.0.202111181127/tools/bin/../lib/gcc/arm-none-eabi/10.3.1/thumb/v7e-m/nofp/crti.o
 .bss           0x0000000000000000        0x0 c:/st/stm32cubeide_1.8.0/stm32cubeide/plugins/com.st.stm32cube.ide.mcu.externaltools.gnu-tools-for-stm32.10.3-2021.10.win32_1.0.0.202111181127/tools/bin/../lib/gcc/arm-none-eabi/10.3.1/thumb/v7e-m/nofp/crti.o
 .data          0x0000000000000000        0x4 c:/st/stm32cubeide_1.8.0/stm32cubeide/plugins/com.st.stm32cube.ide.mcu.externaltools.gnu-tools-for-stm32.10.3-2021.10.win32_1.0.0.202111181127/tools/bin/../lib/gcc/arm-none-eabi/10.3.1/thumb/v7e-m/nofp/crtbegin.o
 .rodata        0x0000000000000000       0x24 c:/st/stm32cubeide_1.8.0/stm32cubeide/plugins/com.st.stm32cube.ide.mcu.externaltools.gnu-tools-for-stm32.10.3-2021.10.win32_1.0.0.202111181127/tools/bin/../lib/gcc/arm-none-eabi/10.3.1/thumb/v7e-m/nofp/crtbegin.o
 .text          0x0000000000000000       0x7c c:/st/stm32cubeide_1.8.0/stm32cubeide/plugins/com.st.stm32cube.ide.mcu.externaltools.gnu-tools-for-stm32.10.3-2021.10.win32_1.0.0.202111181127/tools/bin/../lib/gcc/arm-none-eabi/10.3.1/../../../../arm-none-eabi/lib/thumb/v7e-m/nofp/crt0.o
 .data          0x0000000000000000        0x0 c:/st/stm32cubeide_1.8.0/stm32cubeide/plugins/com.st.stm32cube.ide.mcu.externaltools.gnu-tools-for-stm32.10.3-2021.10.win32_1.0.0.202111181127/tools/bin/../lib/gcc/arm-none-eabi/10.3.1/../../../../arm-none-eabi/lib/thumb/v7e-m/nofp/crt0.o
 .bss           0x0000000000000000        0x0 c:/st/stm32cubeide_1.8.0/stm32cubeide/plugins/com.st.stm32cube.ide.mcu.externaltools.gnu-tools-for-stm32.10.3-2021.10.win32_1.0.0.202111181127/tools/bin/../lib/gcc/arm-none-eabi/10.3.1/../../../../arm-none-eabi/lib/thumb/v7e-m/nofp/crt0.o
 .ARM.extab     0x0000000000000000        0x0 c:/st/stm32cubeide_1.8.0/stm32cubeide/plugins/com.st.stm32cube.ide.mcu.externaltools.gnu-tools-for-stm32.10.3-2021.10.win32_1.0.0.202111181127/tools/bin/../lib/gcc/arm-none-eabi/10.3.1/../../../../arm-none-eabi/lib/thumb/v7e-m/nofp/crt0.o
 .ARM.exidx     0x0000000000000000       0x10 c:/st/stm32cubeide_1.8.0/stm32cubeide/plugins/com.st.stm32cube.ide.mcu.externaltools.gnu-tools-for-stm32.10.3-2021.10.win32_1.0.0.202111181127/tools/bin/../lib/gcc/arm-none-eabi/10.3.1/../../../../arm-none-eabi/lib/thumb/v7e-m/nofp/crt0.o
 .ARM.attributes
                0x0000000000000000       0x1c c:/st/stm32cubeide_1.8.0/stm32cubeide/plugins/com.st.stm32cube.ide.mcu.externaltools.gnu-tools-for-stm32.10.3-2021.10.win32_1.0.0.202111181127/tools/bin/../lib/gcc/arm-none-eabi/10.3.1/../../../../arm-none-eabi/lib/thumb/v7e-m/nofp/crt0.o
 .group         0x0000000000000000        0xc ./Driver/Src/stm32f446xx_gpio_driver.o
 .group         0x0000000000000000        0xc ./Driver/Src/stm32f446xx_gpio_driver.o
 .group         0x0000000000000000        0xc ./Driver/Src/stm32f446xx_gpio_driver.o
 .group         0x0000000000000000        0xc ./Driver/Src/stm32f446xx_gpio_driver.o
 .group         0x0000000000000000        0xc ./Driver/Src/stm32f446xx_gpio_driver.o
 .group         0x0000000000000000        0xc ./Driver/Src/stm32f446xx_gpio_driver.o
 .group         0x0000000000000000        0xc ./Driver/Src/stm32f446xx_gpio_driver.o
 .group         0x0000000000000000        0xc ./Driver/Src/stm32f446xx_gpio_driver.o
 .group         0x0000000000000000        0xc ./Driver/Src/stm32f446xx_gpio_driver.o
 .group         0x0000000000000000        0xc ./Driver/Src/stm32f446xx_gpio_driver.o
 .group         0x0000000000000000        0xc ./Driver/Src/stm32f446xx_gpio_driver.o
 .text          0x0000000000000000        0x0 ./Driver/Src/stm32f446xx_gpio_driver.o
 .data          0x0000000000000000        0x0 ./Driver/Src/stm32f446xx_gpio_driver.o
 .bss           0x0000000000000000        0x0 ./Driver/Src/stm32f446xx_gpio_driver.o
 .text.GPIO_Deinit
                0x0000000000000000      0x144 ./Driver/Src/stm32f446xx_gpio_driver.o
 .text.GPIO_ReadFromInputPin
                0x0000000000000000       0x2a ./Driver/Src/stm32f446xx_gpio_driver.o
 .text.GPIO_ReadFromInputPort
                0x0000000000000000       0x1a ./Driver/Src/stm32f446xx_gpio_driver.o
 .text.GPIO_WriteToOutputPin
                0x0000000000000000       0x48 ./Driver/Src/stm32f446xx_gpio_driver.o
 .text.GPIO_WriteToOutputPort
                0x0000000000000000       0x1c ./Driver/Src/stm32f446xx_gpio_driver.o
 .group         0x0000000000000000        0xc ./Driver/Src/stm32f446xx_i2c_driver.o
 .group         0x0000000000000000        0xc ./Driver/Src/stm32f446xx_i2c_driver.o
 .group         0x0000000000000000        0xc ./Driver/Src/stm32f446xx_i2c_driver.o
 .group         0x0000000000000000        0xc ./Driver/Src/stm32f446xx_i2c_driver.o
 .group         0x0000000000000000        0xc ./Driver/Src/stm32f446xx_i2c_driver.o
 .group         0x0000000000000000        0xc ./Driver/Src/stm32f446xx_i2c_driver.o
 .group         0x0000000000000000        0xc ./Driver/Src/stm32f446xx_i2c_driver.o
 .group         0x0000000000000000        0xc ./Driver/Src/stm32f446xx_i2c_driver.o
 .group         0x0000000000000000        0xc ./Driver/Src/stm32f446xx_i2c_driver.o
 .group         0x0000000000000000        0xc ./Driver/Src/stm32f446xx_i2c_driver.o
 .group         0x0000000000000000        0xc ./Driver/Src/stm32f446xx_i2c_driver.o
 .group         0x0000000000000000        0xc ./Driver/Src/stm32f446xx_i2c_driver.o
 .text          0x0000000000000000        0x0 ./Driver/Src/stm32f446xx_i2c_driver.o
 .data          0x0000000000000000        0x0 ./Driver/Src/stm32f446xx_i2c_driver.o
 .bss           0x0000000000000000        0x0 ./Driver/Src/stm32f446xx_i2c_driver.o
 .data.AHB_PreScaler
                0x0000000000000000       0x10 ./Driver/Src/stm32f446xx_i2c_driver.o
 .data.APB1_PreScaler
                0x0000000000000000        0x8 ./Driver/Src/stm32f446xx_i2c_driver.o
 .text.RCC_GetPCLK1Value
                0x0000000000000000       0xa8 ./Driver/Src/stm32f446xx_i2c_driver.o
 .text.I2C_PeriClockControl
                0x0000000000000000       0xa8 ./Driver/Src/stm32f446xx_i2c_driver.o
 .text.I2C_PeripheralControl
                0x0000000000000000       0x30 ./Driver/Src/stm32f446xx_i2c_driver.o
 .text.I2C_Init
                0x0000000000000000      0x188 ./Driver/Src/stm32f446xx_i2c_driver.o
 .text.I2C_Deinit
                0x0000000000000000       0x80 ./Driver/Src/stm32f446xx_i2c_driver.o
 .text.I2C_GetFlagStatus
                0x0000000000000000       0x26 ./Driver/Src/stm32f446xx_i2c_driver.o
 .text.I2C_GenerateStartCondition
                0x0000000000000000       0x1e ./Driver/Src/stm32f446xx_i2c_driver.o
 .text.I2C_ExecuteAddressPhaseRead
                0x0000000000000000       0x2a ./Driver/Src/stm32f446xx_i2c_driver.o
 .text.I2C_ExecuteAddressPhaseWrite
                0x0000000000000000       0x2a ./Driver/Src/stm32f446xx_i2c_driver.o
 .text.I2C_ClearADDRFlag
                0x0000000000000000       0x4a ./Driver/Src/stm32f446xx_i2c_driver.o
 .text.I2C_GenerateStopCondition
                0x0000000000000000       0x1e ./Driver/Src/stm32f446xx_i2c_driver.o
 .text.I2C_ManageAcking
                0x0000000000000000       0x36 ./Driver/Src/stm32f446xx_i2c_driver.o
 .text.I2C_MasterSendData
                0x0000000000000000       0xc6 ./Driver/Src/stm32f446xx_i2c_driver.o
 .text.I2C_MasterReceiveData
                0x0000000000000000      0x11c ./Driver/Src/stm32f446xx_i2c_driver.o
 .text.I2C_IRQPriorityConfig
                0x0000000000000000       0x44 ./Driver/Src/stm32f446xx_i2c_driver.o
 .text.I2C_IRQInterruptConfig
                0x0000000000000000      0x108 ./Driver/Src/stm32f446xx_i2c_driver.o
 .text.I2C_MasterSendDataIT
                0x0000000000000000       0x86 ./Driver/Src/stm32f446xx_i2c_driver.o
 .text.I2C_MasterReceiveDataIT
                0x0000000000000000       0x8c ./Driver/Src/stm32f446xx_i2c_driver.o
 .text.I2C_MasterHandleTXEInterrupt
                0x0000000000000000       0x3a ./Driver/Src/stm32f446xx_i2c_driver.o
 .text.I2C_MasterHandleRXNEInterrupt
                0x0000000000000000       0x8e ./Driver/Src/stm32f446xx_i2c_driver.o
 .text.I2C_CloseReceiveData
                0x0000000000000000       0x5c ./Driver/Src/stm32f446xx_i2c_driver.o
 .text.I2C_CloseSendData
                0x0000000000000000       0x44 ./Driver/Src/stm32f446xx_i2c_driver.o
 .text.I2C_EV_IRQHandling
                0x0000000000000000      0x1b8 ./Driver/Src/stm32f446xx_i2c_driver.o
 .text.I2C_SlaveEnableDisableCallbackEvents
                0x0000000000000000       0x66 ./Driver/Src/stm32f446xx_i2c_driver.o
 .text.I2C_ER_IRQHandling
                0x0000000000000000       0x7c ./Driver/Src/stm32f446xx_i2c_driver.o
 .text.I2C_SlaveSendData
                0x0000000000000000       0x1c ./Driver/Src/stm32f446xx_i2c_driver.o
 .text.I2C_SlaveReceiveData
                0x0000000000000000       0x18 ./Driver/Src/stm32f446xx_i2c_driver.o
 .debug_info    0x0000000000000000      0xb83 ./Driver/Src/stm32f446xx_i2c_driver.o
 .debug_abbrev  0x0000000000000000      0x27b ./Driver/Src/stm32f446xx_i2c_driver.o
 .debug_aranges
                0x0000000000000000       0xf0 ./Driver/Src/stm32f446xx_i2c_driver.o
 .debug_ranges  0x0000000000000000       0xe0 ./Driver/Src/stm32f446xx_i2c_driver.o
 .debug_macro   0x0000000000000000       0xa8 ./Driver/Src/stm32f446xx_i2c_driver.o
 .debug_macro   0x0000000000000000      0xa78 ./Driver/Src/stm32f446xx_i2c_driver.o
 .debug_macro   0x0000000000000000      0x174 ./Driver/Src/stm32f446xx_i2c_driver.o
 .debug_macro   0x0000000000000000       0x22 ./Driver/Src/stm32f446xx_i2c_driver.o
 .debug_macro   0x0000000000000000       0x8e ./Driver/Src/stm32f446xx_i2c_driver.o
 .debug_macro   0x0000000000000000       0x51 ./Driver/Src/stm32f446xx_i2c_driver.o
 .debug_macro   0x0000000000000000      0x103 ./Driver/Src/stm32f446xx_i2c_driver.o
 .debug_macro   0x0000000000000000       0x6a ./Driver/Src/stm32f446xx_i2c_driver.o
 .debug_macro   0x0000000000000000      0x1df ./Driver/Src/stm32f446xx_i2c_driver.o
 .debug_macro   0x0000000000000000      0x80b ./Driver/Src/stm32f446xx_i2c_driver.o
 .debug_macro   0x0000000000000000       0xc4 ./Driver/Src/stm32f446xx_i2c_driver.o
 .debug_macro   0x0000000000000000       0x82 ./Driver/Src/stm32f446xx_i2c_driver.o
 .debug_macro   0x0000000000000000       0xe2 ./Driver/Src/stm32f446xx_i2c_driver.o
 .debug_line    0x0000000000000000      0xcd3 ./Driver/Src/stm32f446xx_i2c_driver.o
 .debug_str     0x0000000000000000     0x6fc1 ./Driver/Src/stm32f446xx_i2c_driver.o
 .comment       0x0000000000000000       0x51 ./Driver/Src/stm32f446xx_i2c_driver.o
 .debug_frame   0x0000000000000000      0x420 ./Driver/Src/stm32f446xx_i2c_driver.o
 .ARM.attributes
                0x0000000000000000       0x2e ./Driver/Src/stm32f446xx_i2c_driver.o
 .group         0x0000000000000000        0xc ./Driver/Src/stm32f446xx_spi _driver.o
 .group         0x0000000000000000        0xc ./Driver/Src/stm32f446xx_spi _driver.o
 .group         0x0000000000000000        0xc ./Driver/Src/stm32f446xx_spi _driver.o
 .group         0x0000000000000000        0xc ./Driver/Src/stm32f446xx_spi _driver.o
 .group         0x0000000000000000        0xc ./Driver/Src/stm32f446xx_spi _driver.o
 .group         0x0000000000000000        0xc ./Driver/Src/stm32f446xx_spi _driver.o
 .group         0x0000000000000000        0xc ./Driver/Src/stm32f446xx_spi _driver.o
 .group         0x0000000000000000        0xc ./Driver/Src/stm32f446xx_spi _driver.o
 .group         0x0000000000000000        0xc ./Driver/Src/stm32f446xx_spi _driver.o
 .group         0x0000000000000000        0xc ./Driver/Src/stm32f446xx_spi _driver.o
 .group         0x0000000000000000        0xc ./Driver/Src/stm32f446xx_spi _driver.o
 .group         0x0000000000000000        0xc ./Driver/Src/stm32f446xx_spi _driver.o
 .text          0x0000000000000000        0x0 ./Driver/Src/stm32f446xx_spi _driver.o
 .data          0x0000000000000000        0x0 ./Driver/Src/stm32f446xx_spi _driver.o
 .bss           0x0000000000000000        0x0 ./Driver/Src/stm32f446xx_spi _driver.o
 .text.SPI_PeriClockControl
                0x0000000000000000       0xe0 ./Driver/Src/stm32f446xx_spi _driver.o
 .text.SPI_Init
                0x0000000000000000       0xb6 ./Driver/Src/stm32f446xx_spi _driver.o
 .text.SPI_Deinit
                0x0000000000000000       0xac ./Driver/Src/stm32f446xx_spi _driver.o
 .text.SPI_PeripheralControl
                0x0000000000000000       0x36 ./Driver/Src/stm32f446xx_spi _driver.o
 .text.SPI_SSIConfig
                0x0000000000000000       0x36 ./Driver/Src/stm32f446xx_spi _driver.o
 .text.SPI_SSOEConfig
                0x0000000000000000       0x36 ./Driver/Src/stm32f446xx_spi _driver.o
 .text.SPI_GetFlagStatus
                0x0000000000000000       0x26 ./Driver/Src/stm32f446xx_spi _driver.o
 .text.SPI_SendData
                0x0000000000000000       0x80 ./Driver/Src/stm32f446xx_spi _driver.o
 .text.SPi_ReciveData
                0x0000000000000000       0x86 ./Driver/Src/stm32f446xx_spi _driver.o
 .text.SPI_IRQInterruptConfig
                0x0000000000000000      0x108 ./Driver/Src/stm32f446xx_spi _driver.o
 .text.SPI_IRQPriorityConfig
                0x0000000000000000       0x44 ./Driver/Src/stm32f446xx_spi _driver.o
 .text.SPI_SendDataIT
                0x0000000000000000       0x46 ./Driver/Src/stm32f446xx_spi _driver.o
 .text.SPi_ReciveDataIT
                0x0000000000000000       0x46 ./Driver/Src/stm32f446xx_spi _driver.o
 .text.SPI_IRQHandling
                0x0000000000000000       0x9a ./Driver/Src/stm32f446xx_spi _driver.o
 .text.spi_txe_interrupt_handle
                0x0000000000000000       0x8e ./Driver/Src/stm32f446xx_spi _driver.o
 .text.spi_rxne_interrupt_handle
                0x0000000000000000       0x92 ./Driver/Src/stm32f446xx_spi _driver.o
 .text.spi_ovr_err_interrupt_handle
                0x0000000000000000       0x2a ./Driver/Src/stm32f446xx_spi _driver.o
 .text.SPI_CloseTransmission
                0x0000000000000000       0x3a ./Driver/Src/stm32f446xx_spi _driver.o
 .text.SPI_CloseReception
                0x0000000000000000       0x3a ./Driver/Src/stm32f446xx_spi _driver.o
 .text.SPI_ClearOVRFlag
                0x0000000000000000       0x1e ./Driver/Src/stm32f446xx_spi _driver.o
 .debug_info    0x0000000000000000      0x92d ./Driver/Src/stm32f446xx_spi _driver.o
 .debug_abbrev  0x0000000000000000      0x209 ./Driver/Src/stm32f446xx_spi _driver.o
 .debug_aranges
                0x0000000000000000       0xb8 ./Driver/Src/stm32f446xx_spi _driver.o
 .debug_ranges  0x0000000000000000       0xa8 ./Driver/Src/stm32f446xx_spi _driver.o
 .debug_macro   0x0000000000000000       0xa8 ./Driver/Src/stm32f446xx_spi _driver.o
 .debug_macro   0x0000000000000000      0xa78 ./Driver/Src/stm32f446xx_spi _driver.o
 .debug_macro   0x0000000000000000      0x174 ./Driver/Src/stm32f446xx_spi _driver.o
 .debug_macro   0x0000000000000000       0x22 ./Driver/Src/stm32f446xx_spi _driver.o
 .debug_macro   0x0000000000000000       0x8e ./Driver/Src/stm32f446xx_spi _driver.o
 .debug_macro   0x0000000000000000       0x51 ./Driver/Src/stm32f446xx_spi _driver.o
 .debug_macro   0x0000000000000000      0x103 ./Driver/Src/stm32f446xx_spi _driver.o
 .debug_macro   0x0000000000000000       0x6a ./Driver/Src/stm32f446xx_spi _driver.o
 .debug_macro   0x0000000000000000      0x1df ./Driver/Src/stm32f446xx_spi _driver.o
 .debug_macro   0x0000000000000000      0x80b ./Driver/Src/stm32f446xx_spi _driver.o
 .debug_macro   0x0000000000000000       0xc4 ./Driver/Src/stm32f446xx_spi _driver.o
 .debug_macro   0x0000000000000000       0x82 ./Driver/Src/stm32f446xx_spi _driver.o
 .debug_macro   0x0000000000000000      0x110 ./Driver/Src/stm32f446xx_spi _driver.o
 .debug_line    0x0000000000000000      0x982 ./Driver/Src/stm32f446xx_spi _driver.o
 .debug_str     0x0000000000000000     0x6e61 ./Driver/Src/stm32f446xx_spi _driver.o
 .comment       0x0000000000000000       0x51 ./Driver/Src/stm32f446xx_spi _driver.o
 .debug_frame   0x0000000000000000      0x30c ./Driver/Src/stm32f446xx_spi _driver.o
 .ARM.attributes
                0x0000000000000000       0x2e ./Driver/Src/stm32f446xx_spi _driver.o
 .group         0x0000000000000000        0xc ./Src/Led_ButtonWithInterrupt.o
 .group         0x0000000000000000        0xc ./Src/Led_ButtonWithInterrupt.o
 .group         0x0000000000000000        0xc ./Src/Led_ButtonWithInterrupt.o
 .group         0x0000000000000000        0xc ./Src/Led_ButtonWithInterrupt.o
 .group         0x0000000000000000        0xc ./Src/Led_ButtonWithInterrupt.o
 .group         0x0000000000000000        0xc ./Src/Led_ButtonWithInterrupt.o
 .group         0x0000000000000000        0xc ./Src/Led_ButtonWithInterrupt.o
 .group         0x0000000000000000        0xc ./Src/Led_ButtonWithInterrupt.o
 .group         0x0000000000000000        0xc ./Src/Led_ButtonWithInterrupt.o
 .group         0x0000000000000000        0xc ./Src/Led_ButtonWithInterrupt.o
 .group         0x0000000000000000        0xc ./Src/Led_ButtonWithInterrupt.o
 .group         0x0000000000000000        0xc ./Src/Led_ButtonWithInterrupt.o
 .group         0x0000000000000000        0xc ./Src/Led_ButtonWithInterrupt.o
 .group         0x0000000000000000        0xc ./Src/Led_ButtonWithInterrupt.o
 .group         0x0000000000000000        0xc ./Src/Led_ButtonWithInterrupt.o
 .group         0x0000000000000000        0xc ./Src/Led_ButtonWithInterrupt.o
 .group         0x0000000000000000        0xc ./Src/Led_ButtonWithInterrupt.o
 .group         0x0000000000000000        0xc ./Src/Led_ButtonWithInterrupt.o
 .group         0x0000000000000000        0xc ./Src/Led_ButtonWithInterrupt.o
 .group         0x0000000000000000        0xc ./Src/Led_ButtonWithInterrupt.o
 .group         0x0000000000000000        0xc ./Src/Led_ButtonWithInterrupt.o
 .group         0x0000000000000000        0xc ./Src/Led_ButtonWithInterrupt.o
 .group         0x0000000000000000        0xc ./Src/Led_ButtonWithInterrupt.o
 .group         0x0000000000000000        0xc ./Src/Led_ButtonWithInterrupt.o
 .group         0x0000000000000000        0xc ./Src/Led_ButtonWithInterrupt.o
 .group         0x0000000000000000        0xc ./Src/Led_ButtonWithInterrupt.o
 .group         0x0000000000000000        0xc ./Src/Led_ButtonWithInterrupt.o
 .text          0x0000000000000000        0x0 ./Src/Led_ButtonWithInterrupt.o
 .data          0x0000000000000000        0x0 ./Src/Led_ButtonWithInterrupt.o
 .bss           0x0000000000000000        0x0 ./Src/Led_ButtonWithInterrupt.o
 .debug_macro   0x0000000000000000      0xa78 ./Src/Led_ButtonWithInterrupt.o
 .debug_macro   0x0000000000000000       0x22 ./Src/Led_ButtonWithInterrupt.o
 .debug_macro   0x0000000000000000      0x174 ./Src/Led_ButtonWithInterrupt.o
 .debug_macro   0x0000000000000000      0x103 ./Src/Led_ButtonWithInterrupt.o
 .debug_macro   0x0000000000000000       0x6a ./Src/Led_ButtonWithInterrupt.o
 .debug_macro   0x0000000000000000      0x1df ./Src/Led_ButtonWithInterrupt.o
 .debug_macro   0x0000000000000000      0x80b ./Src/Led_ButtonWithInterrupt.o
 .debug_macro   0x0000000000000000       0xc4 ./Src/Led_ButtonWithInterrupt.o
 .debug_macro   0x0000000000000000       0x82 ./Src/Led_ButtonWithInterrupt.o
 .group         0x0000000000000000        0xc ./Src/syscalls.o
 .group         0x0000000000000000        0xc ./Src/syscalls.o
 .group         0x0000000000000000        0xc ./Src/syscalls.o
 .group         0x0000000000000000        0xc ./Src/syscalls.o
 .group         0x0000000000000000        0xc ./Src/syscalls.o
 .group         0x0000000000000000        0xc ./Src/syscalls.o
 .group         0x0000000000000000        0xc ./Src/syscalls.o
 .group         0x0000000000000000        0xc ./Src/syscalls.o
 .group         0x0000000000000000        0xc ./Src/syscalls.o
 .group         0x0000000000000000        0xc ./Src/syscalls.o
 .group         0x0000000000000000        0xc ./Src/syscalls.o
 .group         0x0000000000000000        0xc ./Src/syscalls.o
 .group         0x0000000000000000        0xc ./Src/syscalls.o
 .group         0x0000000000000000        0xc ./Src/syscalls.o
 .group         0x0000000000000000        0xc ./Src/syscalls.o
 .group         0x0000000000000000        0xc ./Src/syscalls.o
 .group         0x0000000000000000        0xc ./Src/syscalls.o
 .group         0x0000000000000000        0xc ./Src/syscalls.o
 .group         0x0000000000000000        0xc ./Src/syscalls.o
 .group         0x0000000000000000        0xc ./Src/syscalls.o
 .group         0x0000000000000000        0xc ./Src/syscalls.o
 .group         0x0000000000000000        0xc ./Src/syscalls.o
 .group         0x0000000000000000        0xc ./Src/syscalls.o
 .group         0x0000000000000000        0xc ./Src/syscalls.o
 .group         0x0000000000000000        0xc ./Src/syscalls.o
 .group         0x0000000000000000        0xc ./Src/syscalls.o
 .group         0x0000000000000000        0xc ./Src/syscalls.o
 .group         0x0000000000000000        0xc ./Src/syscalls.o
 .group         0x0000000000000000        0xc ./Src/syscalls.o
 .group         0x0000000000000000        0xc ./Src/syscalls.o
 .group         0x0000000000000000        0xc ./Src/syscalls.o
 .group         0x0000000000000000        0xc ./Src/syscalls.o
 .group         0x0000000000000000        0xc ./Src/syscalls.o
 .group         0x0000000000000000        0xc ./Src/syscalls.o
 .group         0x0000000000000000        0xc ./Src/syscalls.o
 .group         0x0000000000000000        0xc ./Src/syscalls.o
 .group         0x0000000000000000        0xc ./Src/syscalls.o
 .group         0x0000000000000000        0xc ./Src/syscalls.o
 .group         0x0000000000000000        0xc ./Src/syscalls.o
 .group         0x0000000000000000        0xc ./Src/syscalls.o
 .group         0x0000000000000000        0xc ./Src/syscalls.o
 .group         0x0000000000000000        0xc ./Src/syscalls.o
 .group         0x0000000000000000        0xc ./Src/syscalls.o
 .group         0x0000000000000000        0xc ./Src/syscalls.o
 .group         0x0000000000000000        0xc ./Src/syscalls.o
 .group         0x0000000000000000        0xc ./Src/syscalls.o
 .group         0x0000000000000000        0xc ./Src/syscalls.o
 .text          0x0000000000000000        0x0 ./Src/syscalls.o
 .data          0x0000000000000000        0x0 ./Src/syscalls.o
 .bss           0x0000000000000000        0x0 ./Src/syscalls.o
 .text.ITM_SendChar
                0x0000000000000000       0x4c ./Src/syscalls.o
 .bss.__env     0x0000000000000000        0x4 ./Src/syscalls.o
 .data.environ  0x0000000000000000        0x4 ./Src/syscalls.o
 .text.initialise_monitor_handles
                0x0000000000000000        0xc ./Src/syscalls.o
 .text._getpid  0x0000000000000000        0xe ./Src/syscalls.o
 .text._kill    0x0000000000000000       0x20 ./Src/syscalls.o
 .text._exit    0x0000000000000000       0x14 ./Src/syscalls.o
 .text._read    0x0000000000000000       0x3a ./Src/syscalls.o
 .text._write   0x0000000000000000       0x38 ./Src/syscalls.o
 .text._close   0x0000000000000000       0x16 ./Src/syscalls.o
 .text._fstat   0x0000000000000000       0x1e ./Src/syscalls.o
 .text._isatty  0x0000000000000000       0x14 ./Src/syscalls.o
 .text._lseek   0x0000000000000000       0x18 ./Src/syscalls.o
 .text._open    0x0000000000000000       0x1a ./Src/syscalls.o
 .text._wait    0x0000000000000000       0x1e ./Src/syscalls.o
 .text._unlink  0x0000000000000000       0x1e ./Src/syscalls.o
 .text._times   0x0000000000000000       0x16 ./Src/syscalls.o
 .text._stat    0x0000000000000000       0x1e ./Src/syscalls.o
 .text._link    0x0000000000000000       0x20 ./Src/syscalls.o
 .text._fork    0x0000000000000000       0x16 ./Src/syscalls.o
 .text._execve  0x0000000000000000       0x22 ./Src/syscalls.o
 .debug_info    0x0000000000000000      0x70f ./Src/syscalls.o
 .debug_abbrev  0x0000000000000000      0x1af ./Src/syscalls.o
 .debug_aranges
                0x0000000000000000       0xb0 ./Src/syscalls.o
 .debug_ranges  0x0000000000000000       0xa0 ./Src/syscalls.o
 .debug_macro   0x0000000000000000      0x25e ./Src/syscalls.o
 .debug_macro   0x0000000000000000      0xa78 ./Src/syscalls.o
 .debug_macro   0x0000000000000000       0x22 ./Src/syscalls.o
 .debug_macro   0x0000000000000000       0x4c ./Src/syscalls.o
 .debug_macro   0x0000000000000000       0x18 ./Src/syscalls.o
 .debug_macro   0x0000000000000000       0x94 ./Src/syscalls.o
 .debug_macro   0x0000000000000000       0x3c ./Src/syscalls.o
 .debug_macro   0x0000000000000000       0x34 ./Src/syscalls.o
 .debug_macro   0x0000000000000000       0x57 ./Src/syscalls.o
 .debug_macro   0x0000000000000000      0x174 ./Src/syscalls.o
 .debug_macro   0x0000000000000000      0x341 ./Src/syscalls.o
 .debug_macro   0x0000000000000000       0x16 ./Src/syscalls.o
 .debug_macro   0x0000000000000000       0x43 ./Src/syscalls.o
 .debug_macro   0x0000000000000000       0x34 ./Src/syscalls.o
 .debug_macro   0x0000000000000000       0x10 ./Src/syscalls.o
 .debug_macro   0x0000000000000000       0x58 ./Src/syscalls.o
 .debug_macro   0x0000000000000000       0x71 ./Src/syscalls.o
 .debug_macro   0x0000000000000000       0x1c ./Src/syscalls.o
 .debug_macro   0x0000000000000000      0x12a ./Src/syscalls.o
 .debug_macro   0x0000000000000000       0x10 ./Src/syscalls.o
 .debug_macro   0x0000000000000000       0x35 ./Src/syscalls.o
 .debug_macro   0x0000000000000000       0x10 ./Src/syscalls.o
 .debug_macro   0x0000000000000000       0x10 ./Src/syscalls.o
 .debug_macro   0x0000000000000000       0x10 ./Src/syscalls.o
 .debug_macro   0x0000000000000000       0x6a ./Src/syscalls.o
 .debug_macro   0x0000000000000000       0x1c ./Src/syscalls.o
 .debug_macro   0x0000000000000000       0x52 ./Src/syscalls.o
 .debug_macro   0x0000000000000000       0x22 ./Src/syscalls.o
 .debug_macro   0x0000000000000000       0x10 ./Src/syscalls.o
 .debug_macro   0x0000000000000000       0x52 ./Src/syscalls.o
 .debug_macro   0x0000000000000000       0xd5 ./Src/syscalls.o
 .debug_macro   0x0000000000000000       0x1c ./Src/syscalls.o
 .debug_macro   0x0000000000000000       0x3d ./Src/syscalls.o
 .debug_macro   0x0000000000000000       0x35 ./Src/syscalls.o
 .debug_macro   0x0000000000000000      0x12c ./Src/syscalls.o
 .debug_macro   0x0000000000000000       0x16 ./Src/syscalls.o
 .debug_macro   0x0000000000000000       0x16 ./Src/syscalls.o
 .debug_macro   0x0000000000000000       0x29 ./Src/syscalls.o
 .debug_macro   0x0000000000000000       0x10 ./Src/syscalls.o
 .debug_macro   0x0000000000000000      0x241 ./Src/syscalls.o
 .debug_macro   0x0000000000000000       0x1c ./Src/syscalls.o
 .debug_macro   0x0000000000000000       0x10 ./Src/syscalls.o
 .debug_macro   0x0000000000000000       0x10 ./Src/syscalls.o
 .debug_macro   0x0000000000000000       0x16 ./Src/syscalls.o
 .debug_macro   0x0000000000000000      0x145 ./Src/syscalls.o
 .debug_macro   0x0000000000000000      0x189 ./Src/syscalls.o
 .debug_macro   0x0000000000000000       0x16 ./Src/syscalls.o
 .debug_macro   0x0000000000000000       0xce ./Src/syscalls.o
 .debug_line    0x0000000000000000      0x81f ./Src/syscalls.o
 .debug_str     0x0000000000000000     0x8ac2 ./Src/syscalls.o
 .comment       0x0000000000000000       0x51 ./Src/syscalls.o
 .debug_frame   0x0000000000000000      0x2d4 ./Src/syscalls.o
 .ARM.attributes
                0x0000000000000000       0x2e ./Src/syscalls.o
 .group         0x0000000000000000        0xc ./Src/sysmem.o
 .group         0x0000000000000000        0xc ./Src/sysmem.o
 .group         0x0000000000000000        0xc ./Src/sysmem.o
 .group         0x0000000000000000        0xc ./Src/sysmem.o
 .group         0x0000000000000000        0xc ./Src/sysmem.o
 .group         0x0000000000000000        0xc ./Src/sysmem.o
 .group         0x0000000000000000        0xc ./Src/sysmem.o
 .group         0x0000000000000000        0xc ./Src/sysmem.o
 .group         0x0000000000000000        0xc ./Src/sysmem.o
 .group         0x0000000000000000        0xc ./Src/sysmem.o
 .group         0x0000000000000000        0xc ./Src/sysmem.o
 .group         0x0000000000000000        0xc ./Src/sysmem.o
 .group         0x0000000000000000        0xc ./Src/sysmem.o
 .group         0x0000000000000000        0xc ./Src/sysmem.o
 .group         0x0000000000000000        0xc ./Src/sysmem.o
 .group         0x0000000000000000        0xc ./Src/sysmem.o
 .group         0x0000000000000000        0xc ./Src/sysmem.o
 .group         0x0000000000000000        0xc ./Src/sysmem.o
 .group         0x0000000000000000        0xc ./Src/sysmem.o
 .group         0x0000000000000000        0xc ./Src/sysmem.o
 .group         0x0000000000000000        0xc ./Src/sysmem.o
 .group         0x0000000000000000        0xc ./Src/sysmem.o
 .text          0x0000000000000000        0x0 ./Src/sysmem.o
 .data          0x0000000000000000        0x0 ./Src/sysmem.o
 .bss           0x0000000000000000        0x0 ./Src/sysmem.o
 .bss.__sbrk_heap_end
                0x0000000000000000        0x4 ./Src/sysmem.o
 .text._sbrk    0x0000000000000000       0x6c ./Src/sysmem.o
 .debug_info    0x0000000000000000      0x171 ./Src/sysmem.o
 .debug_abbrev  0x0000000000000000       0xbb ./Src/sysmem.o
 .debug_aranges
                0x0000000000000000       0x20 ./Src/sysmem.o
 .debug_ranges  0x0000000000000000       0x10 ./Src/sysmem.o
 .debug_macro   0x0000000000000000       0xff ./Src/sysmem.o
 .debug_macro   0x0000000000000000      0xa78 ./Src/sysmem.o
 .debug_macro   0x0000000000000000       0x10 ./Src/sysmem.o
 .debug_macro   0x0000000000000000       0x22 ./Src/sysmem.o
 .debug_macro   0x0000000000000000       0x4c ./Src/sysmem.o
 .debug_macro   0x0000000000000000       0x18 ./Src/sysmem.o
 .debug_macro   0x0000000000000000       0x94 ./Src/sysmem.o
 .debug_macro   0x0000000000000000       0x3c ./Src/sysmem.o
 .debug_macro   0x0000000000000000       0x34 ./Src/sysmem.o
 .debug_macro   0x0000000000000000      0x174 ./Src/sysmem.o
 .debug_macro   0x0000000000000000       0x16 ./Src/sysmem.o
 .debug_macro   0x0000000000000000       0x43 ./Src/sysmem.o
 .debug_macro   0x0000000000000000       0x57 ./Src/sysmem.o
 .debug_macro   0x0000000000000000       0x34 ./Src/sysmem.o
 .debug_macro   0x0000000000000000       0x10 ./Src/sysmem.o
 .debug_macro   0x0000000000000000       0x58 ./Src/sysmem.o
 .debug_macro   0x0000000000000000       0x71 ./Src/sysmem.o
 .debug_macro   0x0000000000000000       0x1c ./Src/sysmem.o
 .debug_macro   0x0000000000000000      0x12a ./Src/sysmem.o
 .debug_macro   0x0000000000000000      0x23b ./Src/sysmem.o
 .debug_macro   0x0000000000000000      0x103 ./Src/sysmem.o
 .debug_macro   0x0000000000000000       0x6a ./Src/sysmem.o
 .debug_macro   0x0000000000000000      0x1df ./Src/sysmem.o
 .debug_line    0x0000000000000000      0x4e0 ./Src/sysmem.o
 .debug_str     0x0000000000000000     0x5d50 ./Src/sysmem.o
 .comment       0x0000000000000000       0x51 ./Src/sysmem.o
 .debug_frame   0x0000000000000000       0x34 ./Src/sysmem.o
 .ARM.attributes
                0x0000000000000000       0x2e ./Src/sysmem.o
 .text          0x0000000000000000       0x14 ./Startup/startup_stm32f446retx.o
 .data          0x0000000000000000        0x0 ./Startup/startup_stm32f446retx.o
 .bss           0x0000000000000000        0x0 ./Startup/startup_stm32f446retx.o
 .text          0x0000000000000000        0x0 c:/st/stm32cubeide_1.8.0/stm32cubeide/plugins/com.st.stm32cube.ide.mcu.externaltools.gnu-tools-for-stm32.10.3-2021.10.win32_1.0.0.202111181127/tools/bin/../lib/gcc/arm-none-eabi/10.3.1/../../../../arm-none-eabi/lib/thumb/v7e-m/nofp\libc_nano.a(lib_a-errno.o)
 .data          0x0000000000000000        0x0 c:/st/stm32cubeide_1.8.0/stm32cubeide/plugins/com.st.stm32cube.ide.mcu.externaltools.gnu-tools-for-stm32.10.3-2021.10.win32_1.0.0.202111181127/tools/bin/../lib/gcc/arm-none-eabi/10.3.1/../../../../arm-none-eabi/lib/thumb/v7e-m/nofp\libc_nano.a(lib_a-errno.o)
 .bss           0x0000000000000000        0x0 c:/st/stm32cubeide_1.8.0/stm32cubeide/plugins/com.st.stm32cube.ide.mcu.externaltools.gnu-tools-for-stm32.10.3-2021.10.win32_1.0.0.202111181127/tools/bin/../lib/gcc/arm-none-eabi/10.3.1/../../../../arm-none-eabi/lib/thumb/v7e-m/nofp\libc_nano.a(lib_a-errno.o)
 .text.__errno  0x0000000000000000        0xc c:/st/stm32cubeide_1.8.0/stm32cubeide/plugins/com.st.stm32cube.ide.mcu.externaltools.gnu-tools-for-stm32.10.3-2021.10.win32_1.0.0.202111181127/tools/bin/../lib/gcc/arm-none-eabi/10.3.1/../../../../arm-none-eabi/lib/thumb/v7e-m/nofp\libc_nano.a(lib_a-errno.o)
 .debug_frame   0x0000000000000000       0x20 c:/st/stm32cubeide_1.8.0/stm32cubeide/plugins/com.st.stm32cube.ide.mcu.externaltools.gnu-tools-for-stm32.10.3-2021.10.win32_1.0.0.202111181127/tools/bin/../lib/gcc/arm-none-eabi/10.3.1/../../../../arm-none-eabi/lib/thumb/v7e-m/nofp\libc_nano.a(lib_a-errno.o)
 .ARM.attributes
                0x0000000000000000       0x2e c:/st/stm32cubeide_1.8.0/stm32cubeide/plugins/com.st.stm32cube.ide.mcu.externaltools.gnu-tools-for-stm32.10.3-2021.10.win32_1.0.0.202111181127/tools/bin/../lib/gcc/arm-none-eabi/10.3.1/../../../../arm-none-eabi/lib/thumb/v7e-m/nofp\libc_nano.a(lib_a-errno.o)
 .text          0x0000000000000000        0x0 c:/st/stm32cubeide_1.8.0/stm32cubeide/plugins/com.st.stm32cube.ide.mcu.externaltools.gnu-tools-for-stm32.10.3-2021.10.win32_1.0.0.202111181127/tools/bin/../lib/gcc/arm-none-eabi/10.3.1/../../../../arm-none-eabi/lib/thumb/v7e-m/nofp\libc_nano.a(lib_a-exit.o)
 .data          0x0000000000000000        0x0 c:/st/stm32cubeide_1.8.0/stm32cubeide/plugins/com.st.stm32cube.ide.mcu.externaltools.gnu-tools-for-stm32.10.3-2021.10.win32_1.0.0.202111181127/tools/bin/../lib/gcc/arm-none-eabi/10.3.1/../../../../arm-none-eabi/lib/thumb/v7e-m/nofp\libc_nano.a(lib_a-exit.o)
 .bss           0x0000000000000000        0x0 c:/st/stm32cubeide_1.8.0/stm32cubeide/plugins/com.st.stm32cube.ide.mcu.externaltools.gnu-tools-for-stm32.10.3-2021.10.win32_1.0.0.202111181127/tools/bin/../lib/gcc/arm-none-eabi/10.3.1/../../../../arm-none-eabi/lib/thumb/v7e-m/nofp\libc_nano.a(lib_a-exit.o)
 .text.exit     0x0000000000000000       0x28 c:/st/stm32cubeide_1.8.0/stm32cubeide/plugins/com.st.stm32cube.ide.mcu.externaltools.gnu-tools-for-stm32.10.3-2021.10.win32_1.0.0.202111181127/tools/bin/../lib/gcc/arm-none-eabi/10.3.1/../../../../arm-none-eabi/lib/thumb/v7e-m/nofp\libc_nano.a(lib_a-exit.o)
 .debug_frame   0x0000000000000000       0x28 c:/st/stm32cubeide_1.8.0/stm32cubeide/plugins/com.st.stm32cube.ide.mcu.externaltools.gnu-tools-for-stm32.10.3-2021.10.win32_1.0.0.202111181127/tools/bin/../lib/gcc/arm-none-eabi/10.3.1/../../../../arm-none-eabi/lib/thumb/v7e-m/nofp\libc_nano.a(lib_a-exit.o)
 .ARM.attributes
                0x0000000000000000       0x2e c:/st/stm32cubeide_1.8.0/stm32cubeide/plugins/com.st.stm32cube.ide.mcu.externaltools.gnu-tools-for-stm32.10.3-2021.10.win32_1.0.0.202111181127/tools/bin/../lib/gcc/arm-none-eabi/10.3.1/../../../../arm-none-eabi/lib/thumb/v7e-m/nofp\libc_nano.a(lib_a-exit.o)
 .text          0x0000000000000000        0x0 c:/st/stm32cubeide_1.8.0/stm32cubeide/plugins/com.st.stm32cube.ide.mcu.externaltools.gnu-tools-for-stm32.10.3-2021.10.win32_1.0.0.202111181127/tools/bin/../lib/gcc/arm-none-eabi/10.3.1/../../../../arm-none-eabi/lib/thumb/v7e-m/nofp\libc_nano.a(lib_a-impure.o)
 .data          0x0000000000000000        0x0 c:/st/stm32cubeide_1.8.0/stm32cubeide/plugins/com.st.stm32cube.ide.mcu.externaltools.gnu-tools-for-stm32.10.3-2021.10.win32_1.0.0.202111181127/tools/bin/../lib/gcc/arm-none-eabi/10.3.1/../../../../arm-none-eabi/lib/thumb/v7e-m/nofp\libc_nano.a(lib_a-impure.o)
 .bss           0x0000000000000000        0x0 c:/st/stm32cubeide_1.8.0/stm32cubeide/plugins/com.st.stm32cube.ide.mcu.externaltools.gnu-tools-for-stm32.10.3-2021.10.win32_1.0.0.202111181127/tools/bin/../lib/gcc/arm-none-eabi/10.3.1/../../../../arm-none-eabi/lib/thumb/v7e-m/nofp\libc_nano.a(lib_a-impure.o)
 .data._impure_ptr
                0x0000000000000000        0x4 c:/st/stm32cubeide_1.8.0/stm32cubeide/plugins/com.st.stm32cube.ide.mcu.externaltools.gnu-tools-for-stm32.10.3-2021.10.win32_1.0.0.202111181127/tools/bin/../lib/gcc/arm-none-eabi/10.3.1/../../../../arm-none-eabi/lib/thumb/v7e-m/nofp\libc_nano.a(lib_a-impure.o)
 .data.impure_data
                0x0000000000000000       0x60 c:/st/stm32cubeide_1.8.0/stm32cubeide/plugins/com.st.stm32cube.ide.mcu.externaltools.gnu-tools-for-stm32.10.3-2021.10.win32_1.0.0.202111181127/tools/bin/../lib/gcc/arm-none-eabi/10.3.1/../../../../arm-none-eabi/lib/thumb/v7e-m/nofp\libc_nano.a(lib_a-impure.o)
 .rodata._global_impure_ptr
                0x0000000000000000        0x4 c:/st/stm32cubeide_1.8.0/stm32cubeide/plugins/com.st.stm32cube.ide.mcu.externaltools.gnu-tools-for-stm32.10.3-2021.10.win32_1.0.0.202111181127/tools/bin/../lib/gcc/arm-none-eabi/10.3.1/../../../../arm-none-eabi/lib/thumb/v7e-m/nofp\libc_nano.a(lib_a-impure.o)
 .ARM.attributes
                0x0000000000000000       0x2e c:/st/stm32cubeide_1.8.0/stm32cubeide/plugins/com.st.stm32cube.ide.mcu.externaltools.gnu-tools-for-stm32.10.3-2021.10.win32_1.0.0.202111181127/tools/bin/../lib/gcc/arm-none-eabi/10.3.1/../../../../arm-none-eabi/lib/thumb/v7e-m/nofp\libc_nano.a(lib_a-impure.o)
 .text          0x0000000000000000        0x0 c:/st/stm32cubeide_1.8.0/stm32cubeide/plugins/com.st.stm32cube.ide.mcu.externaltools.gnu-tools-for-stm32.10.3-2021.10.win32_1.0.0.202111181127/tools/bin/../lib/gcc/arm-none-eabi/10.3.1/../../../../arm-none-eabi/lib/thumb/v7e-m/nofp\libc_nano.a(lib_a-init.o)
 .data          0x0000000000000000        0x0 c:/st/stm32cubeide_1.8.0/stm32cubeide/plugins/com.st.stm32cube.ide.mcu.externaltools.gnu-tools-for-stm32.10.3-2021.10.win32_1.0.0.202111181127/tools/bin/../lib/gcc/arm-none-eabi/10.3.1/../../../../arm-none-eabi/lib/thumb/v7e-m/nofp\libc_nano.a(lib_a-init.o)
 .bss           0x0000000000000000        0x0 c:/st/stm32cubeide_1.8.0/stm32cubeide/plugins/com.st.stm32cube.ide.mcu.externaltools.gnu-tools-for-stm32.10.3-2021.10.win32_1.0.0.202111181127/tools/bin/../lib/gcc/arm-none-eabi/10.3.1/../../../../arm-none-eabi/lib/thumb/v7e-m/nofp\libc_nano.a(lib_a-init.o)
 .text          0x0000000000000000        0x0 c:/st/stm32cubeide_1.8.0/stm32cubeide/plugins/com.st.stm32cube.ide.mcu.externaltools.gnu-tools-for-stm32.10.3-2021.10.win32_1.0.0.202111181127/tools/bin/../lib/gcc/arm-none-eabi/10.3.1/../../../../arm-none-eabi/lib/thumb/v7e-m/nofp\libc_nano.a(lib_a-memset.o)
 .data          0x0000000000000000        0x0 c:/st/stm32cubeide_1.8.0/stm32cubeide/plugins/com.st.stm32cube.ide.mcu.externaltools.gnu-tools-for-stm32.10.3-2021.10.win32_1.0.0.202111181127/tools/bin/../lib/gcc/arm-none-eabi/10.3.1/../../../../arm-none-eabi/lib/thumb/v7e-m/nofp\libc_nano.a(lib_a-memset.o)
 .bss           0x0000000000000000        0x0 c:/st/stm32cubeide_1.8.0/stm32cubeide/plugins/com.st.stm32cube.ide.mcu.externaltools.gnu-tools-for-stm32.10.3-2021.10.win32_1.0.0.202111181127/tools/bin/../lib/gcc/arm-none-eabi/10.3.1/../../../../arm-none-eabi/lib/thumb/v7e-m/nofp\libc_nano.a(lib_a-memset.o)
 .text          0x0000000000000000        0x0 c:/st/stm32cubeide_1.8.0/stm32cubeide/plugins/com.st.stm32cube.ide.mcu.externaltools.gnu-tools-for-stm32.10.3-2021.10.win32_1.0.0.202111181127/tools/bin/../lib/gcc/arm-none-eabi/10.3.1/thumb/v7e-m/nofp/crtend.o
 .data          0x0000000000000000        0x0 c:/st/stm32cubeide_1.8.0/stm32cubeide/plugins/com.st.stm32cube.ide.mcu.externaltools.gnu-tools-for-stm32.10.3-2021.10.win32_1.0.0.202111181127/tools/bin/../lib/gcc/arm-none-eabi/10.3.1/thumb/v7e-m/nofp/crtend.o
 .bss           0x0000000000000000        0x0 c:/st/stm32cubeide_1.8.0/stm32cubeide/plugins/com.st.stm32cube.ide.mcu.externaltools.gnu-tools-for-stm32.10.3-2021.10.win32_1.0.0.202111181127/tools/bin/../lib/gcc/arm-none-eabi/10.3.1/thumb/v7e-m/nofp/crtend.o
 .rodata        0x0000000000000000       0x24 c:/st/stm32cubeide_1.8.0/stm32cubeide/plugins/com.st.stm32cube.ide.mcu.externaltools.gnu-tools-for-stm32.10.3-2021.10.win32_1.0.0.202111181127/tools/bin/../lib/gcc/arm-none-eabi/10.3.1/thumb/v7e-m/nofp/crtend.o
 .eh_frame      0x0000000000000000        0x4 c:/st/stm32cubeide_1.8.0/stm32cubeide/plugins/com.st.stm32cube.ide.mcu.externaltools.gnu-tools-for-stm32.10.3-2021.10.win32_1.0.0.202111181127/tools/bin/../lib/gcc/arm-none-eabi/10.3.1/thumb/v7e-m/nofp/crtend.o
 .ARM.attributes
                0x0000000000000000       0x2e c:/st/stm32cubeide_1.8.0/stm32cubeide/plugins/com.st.stm32cube.ide.mcu.externaltools.gnu-tools-for-stm32.10.3-2021.10.win32_1.0.0.202111181127/tools/bin/../lib/gcc/arm-none-eabi/10.3.1/thumb/v7e-m/nofp/crtend.o
 .text          0x0000000000000000        0x0 c:/st/stm32cubeide_1.8.0/stm32cubeide/plugins/com.st.stm32cube.ide.mcu.externaltools.gnu-tools-for-stm32.10.3-2021.10.win32_1.0.0.202111181127/tools/bin/../lib/gcc/arm-none-eabi/10.3.1/thumb/v7e-m/nofp/crtn.o
 .data          0x0000000000000000        0x0 c:/st/stm32cubeide_1.8.0/stm32cubeide/plugins/com.st.stm32cube.ide.mcu.externaltools.gnu-tools-for-stm32.10.3-2021.10.win32_1.0.0.202111181127/tools/bin/../lib/gcc/arm-none-eabi/10.3.1/thumb/v7e-m/nofp/crtn.o
 .bss           0x0000000000000000        0x0 c:/st/stm32cubeide_1.8.0/stm32cubeide/plugins/com.st.stm32cube.ide.mcu.externaltools.gnu-tools-for-stm32.10.3-2021.10.win32_1.0.0.202111181127/tools/bin/../lib/gcc/arm-none-eabi/10.3.1/thumb/v7e-m/nofp/crtn.o

Memory Configuration

Name             Origin             Length             Attributes
RAM              0x0000000020000000 0x0000000000020000 xrw
FLASH            0x0000000008000000 0x0000000000080000 xr
*default*        0x0000000000000000 0xffffffffffffffff

Linker script and memory map

LOAD c:/st/stm32cubeide_1.8.0/stm32cubeide/plugins/com.st.stm32cube.ide.mcu.externaltools.gnu-tools-for-stm32.10.3-2021.10.win32_1.0.0.202111181127/tools/bin/../lib/gcc/arm-none-eabi/10.3.1/thumb/v7e-m/nofp/crti.o
LOAD c:/st/stm32cubeide_1.8.0/stm32cubeide/plugins/com.st.stm32cube.ide.mcu.externaltools.gnu-tools-for-stm32.10.3-2021.10.win32_1.0.0.202111181127/tools/bin/../lib/gcc/arm-none-eabi/10.3.1/thumb/v7e-m/nofp/crtbegin.o
LOAD c:/st/stm32cubeide_1.8.0/stm32cubeide/plugins/com.st.stm32cube.ide.mcu.externaltools.gnu-tools-for-stm32.10.3-2021.10.win32_1.0.0.202111181127/tools/bin/../lib/gcc/arm-none-eabi/10.3.1/../../../../arm-none-eabi/lib/thumb/v7e-m/nofp/crt0.o
LOAD ./Driver/Src/stm32f446xx_gpio_driver.o
LOAD ./Driver/Src/stm32f446xx_i2c_driver.o
LOAD ./Driver/Src/stm32f446xx_spi _driver.o
LOAD ./Src/Led_ButtonWithInterrupt.o
LOAD ./Src/syscalls.o
LOAD ./Src/sysmem.o
LOAD ./Startup/startup_stm32f446retx.o
START GROUP
LOAD c:/st/stm32cubeide_1.8.0/stm32cubeide/plugins/com.st.stm32cube.ide.mcu.externaltools.gnu-tools-for-stm32.10.3-2021.10.win32_1.0.0.202111181127/tools/bin/../lib/gcc/arm-none-eabi/10.3.1/../../../../arm-none-eabi/lib/thumb/v7e-m/nofp\libc_nano.a
LOAD c:/st/stm32cubeide_1.8.0/stm32cubeide/plugins/com.st.stm32cube.ide.mcu.externaltools.gnu-tools-for-stm32.10.3-2021.10.win32_1.0.0.202111181127/tools/bin/../lib/gcc/arm-none-eabi/10.3.1/../../../../arm-none-eabi/lib/thumb/v7e-m/nofp\libm.a
END GROUP
START GROUP
LOAD c:/st/stm32cubeide_1.8.0/stm32cubeide/plugins/com.st.stm32cube.ide.mcu.externaltools.gnu-tools-for-stm32.10.3-2021.10.win32_1.0.0.202111181127/tools/bin/../lib/gcc/arm-none-eabi/10.3.1/thumb/v7e-m/nofp\libgcc.a
LOAD c:/st/stm32cubeide_1.8.0/stm32cubeide/plugins/com.st.stm32cube.ide.mcu.externaltools.gnu-tools-for-stm32.10.3-2021.10.win32_1.0.0.202111181127/tools/bin/../lib/gcc/arm-none-eabi/10.3.1/../../../../arm-none-eabi/lib/thumb/v7e-m/nofp\libc_nano.a
END GROUP
START GROUP
LOAD c:/st/stm32cubeide_1.8.0/stm32cubeide/plugins/com.st.stm32cube.ide.mcu.externaltools.gnu-tools-for-stm32.10.3-2021.10.win32_1.0.0.202111181127/tools/bin/../lib/gcc/arm-none-eabi/10.3.1/thumb/v7e-m/nofp\libgcc.a
LOAD c:/st/stm32cubeide_1.8.0/stm32cubeide/plugins/com.st.stm32cube.ide.mcu.externaltools.gnu-tools-for-stm32.10.3-2021.10.win32_1.0.0.202111181127/tools/bin/../lib/gcc/arm-none-eabi/10.3.1/../../../../arm-none-eabi/lib/thumb/v7e-m/nofp\libc_nano.a
LOAD c:/st/stm32cubeide_1.8.0/stm32cubeide/plugins/com.st.stm32cube.ide.mcu.externaltools.gnu-tools-for-stm32.10.3-2021.10.win32_1.0.0.202111181127/tools/bin/../lib/gcc/arm-none-eabi/10.3.1/../../../../arm-none-eabi/lib/thumb/v7e-m/nofp\libnosys.a
END GROUP
START GROUP
LOAD c:/st/stm32cubeide_1.8.0/stm32cubeide/plugins/com.st.stm32cube.ide.mcu.externaltools.gnu-tools-for-stm32.10.3-2021.10.win32_1.0.0.202111181127/tools/bin/../lib/gcc/arm-none-eabi/10.3.1/thumb/v7e-m/nofp\libgcc.a
LOAD c:/st/stm32cubeide_1.8.0/stm32cubeide/plugins/com.st.stm32cube.ide.mcu.externaltools.gnu-tools-for-stm32.10.3-2021.10.win32_1.0.0.202111181127/tools/bin/../lib/gcc/arm-none-eabi/10.3.1/../../../../arm-none-eabi/lib/thumb/v7e-m/nofp\libc_nano.a
LOAD c:/st/stm32cubeide_1.8.0/stm32cubeide/plugins/com.st.stm32cube.ide.mcu.externaltools.gnu-tools-for-stm32.10.3-2021.10.win32_1.0.0.202111181127/tools/bin/../lib/gcc/arm-none-eabi/10.3.1/../../../../arm-none-eabi/lib/thumb/v7e-m/nofp\libnosys.a
END GROUP
LOAD c:/st/stm32cubeide_1.8.0/stm32cubeide/plugins/com.st.stm32cube.ide.mcu.externaltools.gnu-tools-for-stm32.10.3-2021.10.win32_1.0.0.202111181127/tools/bin/../lib/gcc/arm-none-eabi/10.3.1/thumb/v7e-m/nofp/crtend.o
LOAD c:/st/stm32cubeide_1.8.0/stm32cubeide/plugins/com.st.stm32cube.ide.mcu.externaltools.gnu-tools-for-stm32.10.3-2021.10.win32_1.0.0.202111181127/tools/bin/../lib/gcc/arm-none-eabi/10.3.1/thumb/v7e-m/nofp/crtn.o
                0x0000000020020000                _estack = (ORIGIN (RAM) + LENGTH (RAM))
                0x0000000000000200                _Min_Heap_Size = 0x200
                0x0000000000000400                _Min_Stack_Size = 0x400

.isr_vector     0x0000000008000000      0x1c4
                0x0000000008000000                . = ALIGN (0x4)
 *(.isr_vector)
 .isr_vector    0x0000000008000000      0x1c4 ./Startup/startup_stm32f446retx.o
                0x0000000008000000                g_pfnVectors
                0x00000000080001c4                . = ALIGN (0x4)

.text           0x00000000080001c4      0x844
                0x00000000080001c4                . = ALIGN (0x4)
 *(.text)
 .text          0x00000000080001c4       0x40 c:/st/stm32cubeide_1.8.0/stm32cubeide/plugins/com.st.stm32cube.ide.mcu.externaltools.gnu-tools-for-stm32.10.3-2021.10.win32_1.0.0.202111181127/tools/bin/../lib/gcc/arm-none-eabi/10.3.1/thumb/v7e-m/nofp/crtbegin.o
 *(.text*)
 .text.GPIO_PeriClockControl
                0x0000000008000204      0x1a0 ./Driver/Src/stm32f446xx_gpio_driver.o
                0x0000000008000204                GPIO_PeriClockControl
 .text.GPIO_Init
                0x00000000080003a4      0x330 ./Driver/Src/stm32f446xx_gpio_driver.o
                0x00000000080003a4                GPIO_Init
 .text.GPIO_ToggleOutputPin
                0x00000000080006d4       0x28 ./Driver/Src/stm32f446xx_gpio_driver.o
                0x00000000080006d4                GPIO_ToggleOutputPin
 .text.GPIO_IRQInterruptConfig
                0x00000000080006fc      0x108 ./Driver/Src/stm32f446xx_gpio_driver.o
                0x00000000080006fc                GPIO_IRQInterruptConfig
 .text.GPIO_IRQPriorityConfig
                0x0000000008000804       0x44 ./Driver/Src/stm32f446xx_gpio_driver.o
                0x0000000008000804                GPIO_IRQPriorityConfig
 .text.GPIO_IRQHandling
                0x0000000008000848       0x40 ./Driver/Src/stm32f446xx_gpio_driver.o
                0x0000000008000848                GPIO_IRQHandling
 .text.delay    0x0000000008000888       0x28 ./Src/Led_ButtonWithInterrupt.o
                0x0000000008000888                delay
 .text.main     0x00000000080008b0       0x78 ./Src/Led_ButtonWithInterrupt.o
                0x00000000080008b0                main
 .text.EXTI15_10_IRQHandler
                0x0000000008000928       0x1c ./Src/Led_ButtonWithInterrupt.o
                0x0000000008000928                EXTI15_10_IRQHandler
 .text.Reset_Handler
                0x0000000008000944       0x50 ./Startup/startup_stm32f446retx.o
                0x0000000008000944                Reset_Handler
 .text.Default_Handler
                0x0000000008000994        0x2 ./Startup/startup_stm32f446retx.o
                0x0000000008000994                RTC_Alarm_IRQHandler
                0x0000000008000994                EXTI2_IRQHandler
                0x0000000008000994                TIM8_CC_IRQHandler
                0x0000000008000994                SPDIF_Rx_IRQHandler
                0x0000000008000994                DebugMon_Handler
                0x0000000008000994                SPI4_IRQHandler
                0x0000000008000994                TIM1_CC_IRQHandler
                0x0000000008000994                QuadSPI_IRQHandler
                0x0000000008000994                DMA2_Stream5_IRQHandler
                0x0000000008000994                HardFault_Handler
                0x0000000008000994                DMA1_Stream5_IRQHandler
                0x0000000008000994                SysTick_Handler
                0x0000000008000994                PVD_IRQHandler
                0x0000000008000994                SDIO_IRQHandler
                0x0000000008000994                TAMP_STAMP_IRQHandler
                0x0000000008000994                PendSV_Handler
                0x0000000008000994                NMI_Handler
                0x0000000008000994                CAN2_RX1_IRQHandler
                0x0000000008000994                EXTI3_IRQHandler
                0x0000000008000994                TIM8_TRG_COM_TIM14_IRQHandler
                0x0000000008000994                TIM1_UP_TIM10_IRQHandler
                0x0000000008000994                FMPI2C1_error_IRQHandler
                0x0000000008000994                TIM8_UP_TIM13_IRQHandler
                0x0000000008000994                I2C3_ER_IRQHandler
                0x0000000008000994                EXTI0_IRQHandler
                0x0000000008000994                I2C2_EV_IRQHandler
                0x0000000008000994                DMA1_Stream2_IRQHandler
                0x0000000008000994                CAN1_RX0_IRQHandler
                0x0000000008000994                FPU_IRQHandler
                0x0000000008000994                OTG_HS_WKUP_IRQHandler
                0x0000000008000994                UsageFault_Handler
                0x0000000008000994                CAN2_SCE_IRQHandler
                0x0000000008000994                DMA2_Stream2_IRQHandler
                0x0000000008000994                SPI1_IRQHandler
                0x0000000008000994                TIM6_DAC_IRQHandler
                0x0000000008000994                TIM1_BRK_TIM9_IRQHandler
                0x0000000008000994                DCMI_IRQHandler
                0x0000000008000994                CAN2_RX0_IRQHandler
                0x0000000008000994                DMA2_Stream3_IRQHandler
                0x0000000008000994                FMPI2C1_IRQHandler
                0x0000000008000994                SAI2_IRQHandler
                0x0000000008000994                USART6_IRQHandler
                0x0000000008000994                USART3_IRQHandler
                0x0000000008000994                CAN1_RX1_IRQHandler
                0x0000000008000994                UART5_IRQHandler
                0x0000000008000994                DMA2_Stream0_IRQHandler
                0x0000000008000994                TIM4_IRQHandler
                0x0000000008000994                I2C1_EV_IRQHandler
                0x0000000008000994                HDMI_CEC_IRQHandler
                0x0000000008000994                DMA1_Stream6_IRQHandler
                0x0000000008000994                DMA1_Stream1_IRQHandler
                0x0000000008000994                UART4_IRQHandler
                0x0000000008000994                TIM3_IRQHandler
                0x0000000008000994                RCC_IRQHandler
                0x0000000008000994                TIM8_BRK_TIM12_IRQHandler
                0x0000000008000994                Default_Handler
                0x0000000008000994                ADC_IRQHandler
                0x0000000008000994                DMA1_Stream7_IRQHandler
                0x0000000008000994                TIM7_IRQHandler
                0x0000000008000994                CAN2_TX_IRQHandler
                0x0000000008000994                TIM5_IRQHandler
                0x0000000008000994                DMA2_Stream7_IRQHandler
                0x0000000008000994                I2C3_EV_IRQHandler
                0x0000000008000994                EXTI9_5_IRQHandler
                0x0000000008000994                RTC_WKUP_IRQHandler
                0x0000000008000994                SPI2_IRQHandler
                0x0000000008000994                OTG_HS_EP1_IN_IRQHandler
                0x0000000008000994                MemManage_Handler
                0x0000000008000994                DMA1_Stream0_IRQHandler
                0x0000000008000994                CAN1_TX_IRQHandler
                0x0000000008000994                SVC_Handler
                0x0000000008000994                EXTI4_IRQHandler
                0x0000000008000994                OTG_HS_EP1_OUT_IRQHandler
                0x0000000008000994                WWDG_IRQHandler
                0x0000000008000994                TIM2_IRQHandler
                0x0000000008000994                OTG_FS_WKUP_IRQHandler
                0x0000000008000994                TIM1_TRG_COM_TIM11_IRQHandler
                0x0000000008000994                OTG_HS_IRQHandler
                0x0000000008000994                EXTI1_IRQHandler
                0x0000000008000994                USART2_IRQHandler
                0x0000000008000994                I2C2_ER_IRQHandler
                0x0000000008000994                DMA2_Stream1_IRQHandler
                0x0000000008000994                CAN1_SCE_IRQHandler
                0x0000000008000994                FLASH_IRQHandler
                0x0000000008000994                DMA2_Stream4_IRQHandler
                0x0000000008000994                BusFault_Handler
                0x0000000008000994                USART1_IRQHandler
                0x0000000008000994                OTG_FS_IRQHandler
                0x0000000008000994                SPI3_IRQHandler
                0x0000000008000994                DMA1_Stream4_IRQHandler
                0x0000000008000994                I2C1_ER_IRQHandler
                0x0000000008000994                FMC_IRQHandler
                0x0000000008000994                DMA2_Stream6_IRQHandler
                0x0000000008000994                SAI1_IRQHandler
                0x0000000008000994                DMA1_Stream3_IRQHandler
 *fill*         0x0000000008000996        0x2 
 .text.__libc_init_array
                0x0000000008000998       0x48 c:/st/stm32cubeide_1.8.0/stm32cubeide/plugins/com.st.stm32cube.ide.mcu.externaltools.gnu-tools-for-stm32.10.3-2021.10.win32_1.0.0.202111181127/tools/bin/../lib/gcc/arm-none-eabi/10.3.1/../../../../arm-none-eabi/lib/thumb/v7e-m/nofp\libc_nano.a(lib_a-init.o)
                0x0000000008000998                __libc_init_array
 .text.memset   0x00000000080009e0       0x10 c:/st/stm32cubeide_1.8.0/stm32cubeide/plugins/com.st.stm32cube.ide.mcu.externaltools.gnu-tools-for-stm32.10.3-2021.10.win32_1.0.0.202111181127/tools/bin/../lib/gcc/arm-none-eabi/10.3.1/../../../../arm-none-eabi/lib/thumb/v7e-m/nofp\libc_nano.a(lib_a-memset.o)
                0x00000000080009e0                memset
 *(.glue_7)
 .glue_7        0x00000000080009f0        0x0 linker stubs
 *(.glue_7t)
 .glue_7t       0x00000000080009f0        0x0 linker stubs
 *(.eh_frame)
 .eh_frame      0x00000000080009f0        0x0 c:/st/stm32cubeide_1.8.0/stm32cubeide/plugins/com.st.stm32cube.ide.mcu.externaltools.gnu-tools-for-stm32.10.3-2021.10.win32_1.0.0.202111181127/tools/bin/../lib/gcc/arm-none-eabi/10.3.1/thumb/v7e-m/nofp/crtbegin.o
 *(.init)
 .init          0x00000000080009f0        0x4 c:/st/stm32cubeide_1.8.0/stm32cubeide/plugins/com.st.stm32cube.ide.mcu.externaltools.gnu-tools-for-stm32.10.3-2021.10.win32_1.0.0.202111181127/tools/bin/../lib/gcc/arm-none-eabi/10.3.1/thumb/v7e-m/nofp/crti.o
                0x00000000080009f0                _init
 .init          0x00000000080009f4        0x8 c:/st/stm32cubeide_1.8.0/stm32cubeide/plugins/com.st.stm32cube.ide.mcu.externaltools.gnu-tools-for-stm32.10.3-2021.10.win32_1.0.0.202111181127/tools/bin/../lib/gcc/arm-none-eabi/10.3.1/thumb/v7e-m/nofp/crtn.o
 *(.fini)
 .fini          0x00000000080009fc        0x4 c:/st/stm32cubeide_1.8.0/stm32cubeide/plugins/com.st.stm32cube.ide.mcu.externaltools.gnu-tools-for-stm32.10.3-2021.10.win32_1.0.0.202111181127/tools/bin/../lib/gcc/arm-none-eabi/10.3.1/thumb/v7e-m/nofp/crti.o
                0x00000000080009fc                _fini
 .fini          0x0000000008000a00        0x8 c:/st/stm32cubeide_1.8.0/stm32cubeide/plugins/com.st.stm32cube.ide.mcu.externaltools.gnu-tools-for-stm32.10.3-2021.10.win32_1.0.0.202111181127/tools/bin/../lib/gcc/arm-none-eabi/10.3.1/thumb/v7e-m/nofp/crtn.o
                0x0000000008000a08                . = ALIGN (0x4)
                0x0000000008000a08                _etext = .

.vfp11_veneer   0x0000000008000a08        0x0
 .vfp11_veneer  0x0000000008000a08        0x0 linker stubs

.v4_bx          0x0000000008000a08        0x0
 .v4_bx         0x0000000008000a08        0x0 linker stubs

.iplt           0x0000000008000a08        0x0
 .iplt          0x0000000008000a08        0x0 c:/st/stm32cubeide_1.8.0/stm32cubeide/plugins/com.st.stm32cube.ide.mcu.externaltools.gnu-tools-for-stm32.10.3-2021.10.win32_1.0.0.202111181127/tools/bin/../lib/gcc/arm-none-eabi/10.3.1/thumb/v7e-m/nofp/crtbegin.o

.rel.dyn        0x0000000008000a08        0x0
 .rel.iplt      0x0000000008000a08        0x0 c:/st/stm32cubeide_1.8.0/stm32cubeide/plugins/com.st.stm32cube.ide.mcu.externaltools.gnu-tools-for-stm32.10.3-2021.10.win32_1.0.0.202111181127/tools/bin/../lib/gcc/arm-none-eabi/10.3.1/thumb/v7e-m/nofp/crtbegin.o

.rodata         0x0000000008000a08        0x0
                0x0000000008000a08                . = ALIGN (0x4)
 *(.rodata)
 *(.rodata*)
                0x0000000008000a08                . = ALIGN (0x4)

.ARM.extab      0x0000000008000a08        0x0
                0x0000000008000a08                . = ALIGN (0x4)
 *(.ARM.extab* .gnu.linkonce.armextab.*)
                0x0000000008000a08                . = ALIGN (0x4)

.ARM            0x0000000008000a08        0x0
                0x0000000008000a08                . = ALIGN (0x4)
                0x0000000008000a08                __exidx_start = .
 *(.ARM.exidx*)
                0x0000000008000a08                __exidx_end = .
                0x0000000008000a08                . = ALIGN (0x4)

.preinit_array  0x0000000008000a08        0x0
                0x0000000008000a08                . = ALIGN (0x4)
                0x0000000008000a08                PROVIDE (__preinit_array_start = .)
 *(.preinit_array*)
                0x0000000008000a08                PROVIDE (__preinit_array_end = .)
                0x0000000008000a08                . = ALIGN (0x4)

.init_array     0x0000000008000a08        0x4
                0x0000000008000a08                . = ALIGN (0x4)
                0x0000000008000a08                PROVIDE (__init_array_start = .)
 *(SORT_BY_NAME(.init_array.*))
 *(.init_array*)
 .init_array    0x0000000008000a08        0x4 c:/st/stm32cubeide_1.8.0/stm32cubeide/plugins/com.st.stm32cube.ide.mcu.externaltools.gnu-tools-for-stm32.10.3-2021.10.win32_1.0.0.202111181127/tools/bin/../lib/gcc/arm-none-eabi/10.3.1/thumb/v7e-m/nofp/crtbegin.o
                0x0000000008000a0c                PROVIDE (__init_array_end = .)
                0x0000000008000a0c                . = ALIGN (0x4)

.fini_array     0x0000000008000a0c        0x4
                0x0000000008000a0c                . = ALIGN (0x4)
                [!provide]                        PROVIDE (__fini_array_start = .)
 *(SORT_BY_NAME(.fini_array.*))
 *(.fini_array*)
 .fini_array    0x0000000008000a0c        0x4 c:/st/stm32cubeide_1.8.0/stm32cubeide/plugins/com.st.stm32cube.ide.mcu.externaltools.gnu-tools-for-stm32.10.3-2021.10.win32_1.0.0.202111181127/tools/bin/../lib/gcc/arm-none-eabi/10.3.1/thumb/v7e-m/nofp/crtbegin.o
                [!provide]                        PROVIDE (__fini_array_end = .)
                0x0000000008000a10                . = ALIGN (0x4)
                0x0000000008000a10                _sidata = LOADADDR (.data)

.data           0x0000000020000000        0x0 load address 0x0000000008000a10
                0x0000000020000000                . = ALIGN (0x4)
                0x0000000020000000                _sdata = .
 *(.data)
 *(.data*)
 *(.RamFunc)
 *(.RamFunc*)
                0x0000000020000000                . = ALIGN (0x4)
                0x0000000020000000                _edata = .

.igot.plt       0x0000000020000000        0x0 load address 0x0000000008000a10
 .igot.plt      0x0000000020000000        0x0 c:/st/stm32cubeide_1.8.0/stm32cubeide/plugins/com.st.stm32cube.ide.mcu.externaltools.gnu-tools-for-stm32.10.3-2021.10.win32_1.0.0.202111181127/tools/bin/../lib/gcc/arm-none-eabi/10.3.1/thumb/v7e-m/nofp/crtbegin.o
                0x0000000020000000                . = ALIGN (0x4)

.bss            0x0000000020000000       0x1c load address 0x0000000008000a10
                0x0000000020000000                _sbss = .
                0x0000000020000000                __bss_start__ = _sbss
 *(.bss)
 .bss           0x0000000020000000       0x1c c:/st/stm32cubeide_1.8.0/stm32cubeide/plugins/com.st.stm32cube.ide.mcu.externaltools.gnu-tools-for-stm32.10.3-2021.10.win32_1.0.0.202111181127/tools/bin/../lib/gcc/arm-none-eabi/10.3.1/thumb/v7e-m/nofp/crtbegin.o
 *(.bss*)
 *(COMMON)
                0x000000002000001c                . = ALIGN (0x4)
                0x000000002000001c                _ebss = .
                0x000000002000001c                __bss_end__ = _ebss

._user_heap_stack
                0x000000002000001c      0x604 load address 0x0000000008000a10
                0x0000000020000020                . = ALIGN (0x8)
 *fill*         0x000000002000001c        0x4 
                [!provide]                        PROVIDE (end = .)
                0x0000000020000020                PROVIDE (_end = .)
                0x0000000020000220                . = (. + _Min_Heap_Size)
 *fill*         0x0000000020000020      0x200 
                0x0000000020000620                . = (. + _Min_Stack_Size)
 *fill*         0x0000000020000220      0x400 
                0x0000000020000620                . = ALIGN (0x8)

/DISCARD/
 libc.a(*)
 libm.a(*)
 libgcc.a(*)

.ARM.attributes
                0x0000000000000000       0x2a
 *(.ARM.attributes)
 .ARM.attributes
                0x0000000000000000       0x1e c:/st/stm32cubeide_1.8.0/stm32cubeide/plugins/com.st.stm32cube.ide.mcu.externaltools.gnu-tools-for-stm32.10.3-2021.10.win32_1.0.0.202111181127/tools/bin/../lib/gcc/arm-none-eabi/10.3.1/thumb/v7e-m/nofp/crti.o
 .ARM.attributes
                0x000000000000001e       0x2e c:/st/stm32cubeide_1.8.0/stm32cubeide/plugins/com.st.stm32cube.ide.mcu.externaltools.gnu-tools-for-stm32.10.3-2021.10.win32_1.0.0.202111181127/tools/bin/../lib/gcc/arm-none-eabi/10.3.1/thumb/v7e-m/nofp/crtbegin.o
 .ARM.attributes
                0x000000000000004c       0x2e ./Driver/Src/stm32f446xx_gpio_driver.o
 .ARM.attributes
                0x000000000000007a       0x2e ./Src/Led_ButtonWithInterrupt.o
 .ARM.attributes
                0x00000000000000a8       0x21 ./Startup/startup_stm32f446retx.o
 .ARM.attributes
                0x00000000000000c9       0x2e c:/st/stm32cubeide_1.8.0/stm32cubeide/plugins/com.st.stm32cube.ide.mcu.externaltools.gnu-tools-for-stm32.10.3-2021.10.win32_1.0.0.202111181127/tools/bin/../lib/gcc/arm-none-eabi/10.3.1/../../../../arm-none-eabi/lib/thumb/v7e-m/nofp\libc_nano.a(lib_a-init.o)
 .ARM.attributes
                0x00000000000000f7       0x2e c:/st/stm32cubeide_1.8.0/stm32cubeide/plugins/com.st.stm32cube.ide.mcu.externaltools.gnu-tools-for-stm32.10.3-2021.10.win32_1.0.0.202111181127/tools/bin/../lib/gcc/arm-none-eabi/10.3.1/../../../../arm-none-eabi/lib/thumb/v7e-m/nofp\libc_nano.a(lib_a-memset.o)
 .ARM.attributes
                0x0000000000000125       0x1e c:/st/stm32cubeide_1.8.0/stm32cubeide/plugins/com.st.stm32cube.ide.mcu.externaltools.gnu-tools-for-stm32.10.3-2021.10.win32_1.0.0.202111181127/tools/bin/../lib/gcc/arm-none-eabi/10.3.1/thumb/v7e-m/nofp/crtn.o
OUTPUT(stm32f4xx_drivers.elf elf32-littlearm)
LOAD linker stubs
LOAD c:/st/stm32cubeide_1.8.0/stm32cubeide/plugins/com.st.stm32cube.ide.mcu.externaltools.gnu-tools-for-stm32.10.3-2021.10.win32_1.0.0.202111181127/tools/bin/../lib/gcc/arm-none-eabi/10.3.1/../../../../arm-none-eabi/lib/thumb/v7e-m/nofp\libc.a
LOAD c:/st/stm32cubeide_1.8.0/stm32cubeide/plugins/com.st.stm32cube.ide.mcu.externaltools.gnu-tools-for-stm32.10.3-2021.10.win32_1.0.0.202111181127/tools/bin/../lib/gcc/arm-none-eabi/10.3.1/../../../../arm-none-eabi/lib/thumb/v7e-m/nofp\libm.a
LOAD c:/st/stm32cubeide_1.8.0/stm32cubeide/plugins/com.st.stm32cube.ide.mcu.externaltools.gnu-tools-for-stm32.10.3-2021.10.win32_1.0.0.202111181127/tools/bin/../lib/gcc/arm-none-eabi/10.3.1/thumb/v7e-m/nofp\libgcc.a

.debug_info     0x0000000000000000      0xadd
 .debug_info    0x0000000000000000      0x7bc ./Driver/Src/stm32f446xx_gpio_driver.o
 .debug_info    0x00000000000007bc      0x2ff ./Src/Led_ButtonWithInterrupt.o
 .debug_info    0x0000000000000abb       0x22 ./Startup/startup_stm32f446retx.o

.debug_abbrev   0x0000000000000000      0x2cb
 .debug_abbrev  0x0000000000000000      0x173 ./Driver/Src/stm32f446xx_gpio_driver.o
 .debug_abbrev  0x0000000000000173      0x146 ./Src/Led_ButtonWithInterrupt.o
 .debug_abbrev  0x00000000000002b9       0x12 ./Startup/startup_stm32f446retx.o

.debug_aranges  0x0000000000000000       0xc8
 .debug_aranges
                0x0000000000000000       0x70 ./Driver/Src/stm32f446xx_gpio_driver.o
 .debug_aranges
                0x0000000000000070       0x30 ./Src/Led_ButtonWithInterrupt.o
 .debug_aranges
                0x00000000000000a0       0x28 ./Startup/startup_stm32f446retx.o

.debug_ranges   0x0000000000000000       0xa0
 .debug_ranges  0x0000000000000000       0x60 ./Driver/Src/stm32f446xx_gpio_driver.o
 .debug_ranges  0x0000000000000060       0x20 ./Src/Led_ButtonWithInterrupt.o
 .debug_ranges  0x0000000000000080       0x20 ./Startup/startup_stm32f446retx.o

.debug_macro    0x0000000000000000     0x2395
 .debug_macro   0x0000000000000000       0x99 ./Driver/Src/stm32f446xx_gpio_driver.o
 .debug_macro   0x0000000000000099      0xa78 ./Driver/Src/stm32f446xx_gpio_driver.o
 .debug_macro   0x0000000000000b11      0x174 ./Driver/Src/stm32f446xx_gpio_driver.o
 .debug_macro   0x0000000000000c85       0x22 ./Driver/Src/stm32f446xx_gpio_driver.o
 .debug_macro   0x0000000000000ca7       0x8e ./Driver/Src/stm32f446xx_gpio_driver.o
 .debug_macro   0x0000000000000d35       0x51 ./Driver/Src/stm32f446xx_gpio_driver.o
 .debug_macro   0x0000000000000d86      0x103 ./Driver/Src/stm32f446xx_gpio_driver.o
 .debug_macro   0x0000000000000e89       0x6a ./Driver/Src/stm32f446xx_gpio_driver.o
 .debug_macro   0x0000000000000ef3      0x1df ./Driver/Src/stm32f446xx_gpio_driver.o
 .debug_macro   0x00000000000010d2      0x80b ./Driver/Src/stm32f446xx_gpio_driver.o
 .debug_macro   0x00000000000018dd       0x82 ./Driver/Src/stm32f446xx_gpio_driver.o
 .debug_macro   0x000000000000195f       0xc4 ./Driver/Src/stm32f446xx_gpio_driver.o
 .debug_macro   0x0000000000001a23      0x161 ./Src/Led_ButtonWithInterrupt.o
 .debug_macro   0x0000000000001b84       0x4c ./Src/Led_ButtonWithInterrupt.o
 .debug_macro   0x0000000000001bd0       0x18 ./Src/Led_ButtonWithInterrupt.o
 .debug_macro   0x0000000000001be8       0x94 ./Src/Led_ButtonWithInterrupt.o
 .debug_macro   0x0000000000001c7c       0x3c ./Src/Led_ButtonWithInterrupt.o
 .debug_macro   0x0000000000001cb8       0x34 ./Src/Led_ButtonWithInterrupt.o
 .debug_macro   0x0000000000001cec       0x16 ./Src/Led_ButtonWithInterrupt.o
 .debug_macro   0x0000000000001d02       0x43 ./Src/Led_ButtonWithInterrupt.o
 .debug_macro   0x0000000000001d45       0x57 ./Src/Led_ButtonWithInterrupt.o
 .debug_macro   0x0000000000001d9c       0x34 ./Src/Led_ButtonWithInterrupt.o
 .debug_macro   0x0000000000001dd0       0x10 ./Src/Led_ButtonWithInterrupt.o
 .debug_macro   0x0000000000001de0       0x58 ./Src/Led_ButtonWithInterrupt.o
 .debug_macro   0x0000000000001e38       0x71 ./Src/Led_ButtonWithInterrupt.o
 .debug_macro   0x0000000000001ea9       0x1c ./Src/Led_ButtonWithInterrupt.o
 .debug_macro   0x0000000000001ec5      0x12a ./Src/Led_ButtonWithInterrupt.o
 .debug_macro   0x0000000000001fef      0x341 ./Src/Led_ButtonWithInterrupt.o
 .debug_macro   0x0000000000002330       0x10 ./Src/Led_ButtonWithInterrupt.o
 .debug_macro   0x0000000000002340       0x35 ./Src/Led_ButtonWithInterrupt.o
 .debug_macro   0x0000000000002375       0x20 ./Src/Led_ButtonWithInterrupt.o

.debug_line     0x0000000000000000      0xf96
 .debug_line    0x0000000000000000      0x94f ./Driver/Src/stm32f446xx_gpio_driver.o
 .debug_line    0x000000000000094f      0x5c3 ./Src/Led_ButtonWithInterrupt.o
 .debug_line    0x0000000000000f12       0x84 ./Startup/startup_stm32f446retx.o

.debug_str      0x0000000000000000     0x9704
 .debug_str     0x0000000000000000     0x6845 ./Driver/Src/stm32f446xx_gpio_driver.o
                                       0x6a62 (size before relaxing)
 .debug_str     0x0000000000006845     0x2e8e ./Src/Led_ButtonWithInterrupt.o
                                       0x965b (size before relaxing)
 .debug_str     0x00000000000096d3       0x31 ./Startup/startup_stm32f446retx.o
                                         0x51 (size before relaxing)

.comment        0x0000000000000000       0x50
 .comment       0x0000000000000000       0x50 ./Driver/Src/stm32f446xx_gpio_driver.o
                                         0x51 (size before relaxing)
 .comment       0x0000000000000050       0x51 ./Src/Led_ButtonWithInterrupt.o

.debug_frame    0x0000000000000000      0x288
 .debug_frame   0x0000000000000000      0x1c8 ./Driver/Src/stm32f446xx_gpio_driver.o
 .debug_frame   0x00000000000001c8       0x74 ./Src/Led_ButtonWithInterrupt.o
 .debug_frame   0x000000000000023c       0x2c c:/st/stm32cubeide_1.8.0/stm32cubeide/plugins/com.st.stm32cube.ide.mcu.externaltools.gnu-tools-for-stm32.10.3-2021.10.win32_1.0.0.202111181127/tools/bin/../lib/gcc/arm-none-eabi/10.3.1/../../../../arm-none-eabi/lib/thumb/v7e-m/nofp\libc_nano.a(lib_a-init.o)
 .debug_frame   0x0000000000000268       0x20 c:/st/stm32cubeide_1.8.0/stm32cubeide/plugins/com.st.stm32cube.ide.mcu.externaltools.gnu-tools-for-stm32.10.3-2021.10.win32_1.0.0.202111181127/tools/bin/../lib/gcc/arm-none-eabi/10.3.1/../../../../arm-none-eabi/lib/thumb/v7e-m/nofp\libc_nano.a(lib_a-memset.o)
